error: Failed to spawn: `utils/imagectl3.py`
  Caused by: No such file or directory (os error 2)
